20250517	17:46:17	be182211-17af-472a-8c17-dd62a77d10a9	GET	/	undefined
20250517	17:46:17	73e0b1b2-7b74-4ed7-b383-3c4a30cda73b	GET	/css/style.css	undefined
20250517	17:46:18	b22194f1-a808-4a1d-9b3a-c4a2c288f8fd	GET	/favicon.ico	undefined
20250517	17:46:34	86405c98-27bc-4451-967d-18f1a60df983	GET	/servicios	undefined
20250517	17:51:49	c1bb11a9-1a89-4b04-becc-2d55fb1ef905	GET	/usuarios	undefined
20250517	18:44:35	9a3ee9cd-2fe0-4cb3-a2db-554372f30b86	GET	/	undefined
20250517	18:44:35	70d59223-b765-4922-857f-15ae36f17c65	GET	/styles.css	undefined
20250517	18:45:06	c604f6fa-d247-4f62-a579-98f90b8025be	GET	/	undefined
20250517	18:45:06	9d19d8ce-6ab5-4366-b67b-6de5ac6b5f3d	GET	/styles.css	undefined
20250517	18:45:07	d3dde2d5-2750-40ab-b49a-e775ca954241	GET	/	undefined
20250517	18:45:07	a4d440f1-2d0c-4ee9-8b20-953ca86a8632	GET	/styles.css	undefined
20250517	18:45:22	5ea0723a-5da9-4844-9e9a-6af29d6fea64	GET	/	undefined
20250517	18:45:22	95766361-378c-4754-908f-5edd8b849a20	GET	/styles.css	undefined
20250517	18:45:23	e8a970b3-d13e-46b1-a881-1f999ad840af	GET	/	undefined
20250517	18:45:23	d6e7e60f-9c98-40ab-9b61-37cea559392d	GET	/styles.css	undefined
20250517	18:45:23	4f04fd9d-a235-424c-9303-0cf18527d8e9	GET	/	undefined
20250517	18:45:23	8d2f7642-ca18-4e35-a2eb-c0e8e796749e	GET	/styles.css	undefined
20250517	18:46:49	258bbf60-b157-4bca-9459-a65fbe992209	GET	/	undefined
20250517	18:46:49	e02c9dad-7d45-4065-b011-23a2acb04e88	GET	/views/styles.css	undefined
20250517	18:46:50	757f453d-ba43-4502-9be0-651c85ba20b6	GET	/	undefined
20250517	18:46:50	c3391cd0-5c83-481c-8020-98c3f75f4313	GET	/views/styles.css	undefined
20250517	18:46:51	d21bd10b-61e9-4e5d-9f1b-9a3466a96a06	GET	/	undefined
20250517	18:46:51	ab3f3803-b031-4d9c-b8fa-ab1d3c417e69	GET	/views/styles.css	undefined
20250517	18:46:51	21a53161-1ae9-4a32-974f-bdd21ad108e0	GET	/	undefined
20250517	18:46:51	d0de67c6-bcf0-43ec-8ac6-913be174db2d	GET	/views/styles.css	undefined
20250517	18:48:54	61f2aa37-221f-4cf6-82b9-664724e11d87	GET	/	undefined
20250517	18:48:54	f85ee115-844d-4190-9891-c1969cd1dfd9	GET	/views/styles.css	undefined
20250517	18:48:55	62342c30-fc5b-4c77-a52c-0a6407ac0190	GET	/	undefined
20250517	18:48:55	335b7b7b-64b2-4dc7-aff4-9a7606925430	GET	/views/styles.css	undefined
20250517	18:48:55	750f18be-8562-4c51-a55c-eca0b58aff92	GET	/	undefined
20250517	18:48:55	333c7c40-fd55-44c7-938b-2deb5ce31c7f	GET	/views/styles.css	undefined
20250517	19:40:56	66a7a001-1cdf-4f81-994c-99f373fa3caf	GET	/	undefined
20250517	19:40:56	535fbe9d-7ca1-438c-8109-5b0e93ef4b2f	GET	/styles.css	undefined
20250517	19:40:57	fb4bc7be-0331-4bad-88ac-85377e60ddeb	GET	/	undefined
20250517	19:40:57	22f2c18d-3e29-46ac-be76-9c61bbca3bb9	GET	/styles.css	undefined
20250517	19:40:58	fb16f93c-8191-4f26-8bb9-96582c52ce26	GET	/	undefined
20250517	19:40:58	934fe7fb-8b5a-4150-acff-cc7110cca897	GET	/styles.css	undefined
20250517	19:40:58	5b9c25b6-6f02-488d-8824-64752753ff2e	GET	/	undefined
20250517	19:40:58	4f4011e6-8791-446d-b29c-84a0e3a27e37	GET	/styles.css	undefined
20250517	19:40:58	ce33f35b-88fc-4ad0-adb2-0a6607f223bc	GET	/	undefined
20250517	19:40:58	f892501a-2883-4d78-973a-63fbd4958866	GET	/styles.css	undefined
20250517	19:40:58	285a2abf-22a2-40e9-b73d-7f819c4f0097	GET	/	undefined
20250517	19:40:58	e4ed67e8-2519-47b0-bd94-7ca88028f908	GET	/styles.css	undefined
20250517	20:08:11	adadb2f6-57a0-4d1f-b06c-50375fe1da7b	GET	/	undefined
20250517	20:08:11	547d925c-25e7-49b9-abc9-ddf72aad007d	GET	/views/css/styles.css	undefined
20250517	20:08:11	c629ab7a-b3d0-4087-aaf5-815d30704366	GET	/	undefined
20250517	20:08:11	36004bb9-d8b6-4c22-87f3-3a07dacc9e53	GET	/views/css/styles.css	undefined
20250517	20:08:11	3a9d9794-875a-45f2-8e3d-4a3c08902f67	GET	/	undefined
20250517	20:08:12	85a7cc13-f6f4-4e52-b527-b106a4623d9b	GET	/views/css/styles.css	undefined
20250517	20:08:12	86fc4b4a-6a47-4f78-a20a-4e63c71f54e2	GET	/	undefined
20250517	20:08:12	50874f12-4857-4232-bb6a-4010512a066e	GET	/views/css/styles.css	undefined
20250517	20:08:12	c8243cea-0d8f-4286-9576-6d0726cd40a3	GET	/	undefined
20250517	20:08:12	67d31e32-b02b-465f-9f5e-d2ebd21d6091	GET	/views/css/styles.css	undefined
20250517	20:09:25	24f449b9-5a4d-4e99-b145-1ea76a952d59	GET	/	undefined
20250517	20:09:25	402548ae-bd3f-4e1e-b9f1-5fbbe4a07eab	GET	/views/css/styles.css	undefined
20250517	20:09:25	5a7707f2-76bf-404c-982d-1b9053f6f507	GET	/favicon.ico	undefined
20250517	20:09:27	78645aca-98ee-4434-a569-137d202b93ff	GET	/	undefined
20250517	20:09:27	b160e54a-4736-4fdd-b236-5c5ad6f03607	GET	/views/css/styles.css	undefined
20250517	20:09:27	47bde83e-bba1-4c8e-92ee-626578f2fe43	GET	/favicon.ico	undefined
20250517	20:09:28	e4d96ae2-d5ba-4925-ac55-bb93c953ffa4	GET	/	undefined
20250517	20:09:28	34b529c7-1aa8-4b31-984d-f34975574b4f	GET	/views/css/styles.css	undefined
20250517	20:09:28	5f734894-b387-4b1b-b02b-748742a209a4	GET	/favicon.ico	undefined
20250517	20:09:28	67109bfd-ada8-4e7b-b50d-70f414b67cd3	GET	/	undefined
20250517	20:09:28	ff1848c5-317c-40c0-98c5-144889b9a50b	GET	/views/css/styles.css	undefined
20250517	20:09:28	2749b075-7eb2-4fac-b134-3bfeec552fdf	GET	/	undefined
20250517	20:09:28	86076aa5-497c-4ec0-bbe4-4a0cfe4be163	GET	/views/css/styles.css	undefined
20250517	20:09:28	bab1ce6c-fd74-4112-a77e-1995f87cae9b	GET	/favicon.ico	undefined
20250517	20:09:42	b0ca2067-978d-4fac-8b8a-c60373a18a26	GET	/views/css/styles.css	undefined
20250517	20:09:42	7140ffb7-4b43-40ec-9084-079938990844	GET	/.well-known/appspecific/com.chrome.devtools.json	undefined
20250517	20:11:03	01874773-8199-49e6-b35f-f88515fb41d3	GET	/	undefined
20250517	20:11:03	47fd4627-eecd-42d1-bcba-e799c4bf6607	GET	/styles.css	undefined
20250517	20:11:03	41d7f20a-4cb5-4440-ab9d-062889d986e8	GET	/.well-known/appspecific/com.chrome.devtools.json	undefined
20250517	20:13:22	d3fff888-e0eb-4bce-a1c4-548cbf56654c	GET	/	undefined
20250517	20:13:22	8b8e12a5-8377-4e4a-bbc0-4dda09660ede	GET	/views/css/styles.css	undefined
20250517	20:13:22	8e3396e7-f174-43f3-bcbb-d182bcb22136	GET	/.well-known/appspecific/com.chrome.devtools.json	undefined
20250517	20:15:46	eb827ddb-06bc-4251-9f4d-e25450ca25ad	GET	/	undefined
20250517	20:15:46	ac1c2137-3f1a-4726-9e01-af255b91a8e2	GET	/views/css/styles.css	undefined
20250517	20:15:46	b161004d-6940-4ace-b84e-b436a7792316	GET	/.well-known/appspecific/com.chrome.devtools.json	undefined
20250517	20:15:57	6113ef67-72b7-4598-9ee5-977e06e83a95	GET	/	undefined
20250517	20:15:57	675f646a-de3e-4750-81ef-47e69880f146	GET	/styles.css	undefined
20250517	20:15:57	a30de590-6448-4c4e-b98b-2681d142bddd	GET	/.well-known/appspecific/com.chrome.devtools.json	undefined
20250517	20:16:06	bcc90972-72bd-4c3f-b5b6-8ed051199ea4	GET	/	undefined
20250517	20:16:06	720d35a2-a5e0-4206-8fc7-d62bd689fbe5	GET	/.well-known/appspecific/com.chrome.devtools.json	undefined
20250517	20:16:06	66e1b985-3ab2-4bf1-a53c-7a23c4e433f4	GET	/style.css	undefined
20250517	20:16:27	4985dac7-9f7f-4284-affd-adc0dcdc5c8b	GET	/	undefined
20250517	20:16:27	3dace43f-8281-4dec-9364-c9433eb951ea	GET	/public/css/style.css	undefined
20250517	20:16:27	99017552-df31-47b6-a461-13c429506c53	GET	/.well-known/appspecific/com.chrome.devtools.json	undefined
20250517	20:17:20	4412f409-89dc-4815-8d7d-0d456bdb3ae8	GET	/	undefined
20250517	20:17:20	5ccefb0c-e506-43ee-ad3b-00846519c823	GET	/css/style.css	undefined
20250517	20:17:20	4138d0eb-1237-46f6-841f-8d1f5f53a7ca	GET	/.well-known/appspecific/com.chrome.devtools.json	undefined
20250517	20:17:20	f2f281ac-7c7c-487c-aab6-fe9447692468	GET	/css/images/portada.jpg	undefined
20250517	20:22:19	ce2793c7-b3ea-4747-87bc-c72114eb1365	GET	/	undefined
20250517	20:22:19	1ddb108b-9952-48a7-a665-f8dbe02903aa	GET	/css/style.css	undefined
20250517	20:22:19	96826557-4615-4be0-8cb6-f97ed6e6f3db	GET	/css/images/portada.jpg	undefined
20250517	20:22:21	5ef5b544-318b-4749-8a5c-ebc5e56ed24e	GET	/	undefined
20250517	20:22:21	06f6a004-8659-49c3-b0f2-dfe2492af5e6	GET	/css/style.css	undefined
20250517	20:22:37	0b309501-4d89-4b31-93fe-c29839404c22	GET	/	undefined
20250517	20:22:37	eb01c60e-69dc-407e-a47e-d0fffb18dc38	GET	/css/style.css	undefined
20250517	20:22:38	1b285379-67a8-42e4-a420-f59ea85a1f2b	GET	/css/images/portada.jpg	undefined
20250517	20:23:50	b625a84a-aead-4e6f-9698-e91c32fdb76f	GET	/	undefined
20250517	20:23:50	734a5387-3d4d-432f-beb9-3d9b87c6caad	GET	/css/style.css	undefined
20250517	20:23:51	29cd3c0f-3256-4894-aeda-aeb59039f0db	GET	/images/portada.jpg	undefined
20250517	20:25:28	0ee23511-6e34-46eb-8702-b0d39a32a28c	GET	/	undefined
20250517	20:25:28	86f957a6-efb1-44a9-a991-e56204cc09ee	GET	/css/style.css	undefined
20250517	20:25:28	ab51b723-0af8-41c8-9388-f3b7b370ef9c	GET	/images/1.jpg	undefined
20250517	20:25:47	5d2c77e9-ae28-484a-83a8-09e16ed31ac9	GET	/	undefined
20250517	20:25:47	a7ada5d2-4d95-4d8c-8bac-d0cf91159335	GET	/css/style.css	undefined
20250517	20:25:48	8c4aebb3-5726-47c5-9819-201e4bf167a3	GET	/images/portada.jpg	undefined
20250517	20:26:38	3ee57c8d-7a17-4c01-ab89-1202100bffe1	GET	/	undefined
20250517	20:26:38	dade77f6-7499-466f-92fb-15489a3d26fc	GET	/css/style.css	undefined
20250517	20:26:38	a961697d-d22d-48c5-8a18-a07adb740134	GET	/images/1.jpg	undefined
20250517	20:27:19	ee44e02f-244d-48dc-a152-1098ca2b2593	GET	/	undefined
20250517	20:27:19	ec97fe31-8e19-4500-badb-944bc7d03ebd	GET	/css/style.css	undefined
20250517	20:27:19	6bbcc98f-7100-475b-b8ac-6aed31021f16	GET	/images/1.JPG.webp	undefined
20250517	20:37:45	8c748f95-6f9b-42a7-9b49-a6673ad84322	GET	/	undefined
20250517	20:37:45	31d65976-bcfa-47c7-a409-888ade827141	GET	/css/style.css	undefined
20250517	20:37:45	0f69aea3-4c0f-4482-a6bd-6d780edde3d6	GET	/images/2.jpeg	undefined
20250517	20:39:40	055f40fd-6d88-44f4-a081-7475f2320b22	GET	/	undefined
20250517	20:39:40	0d850823-9622-46ce-be9b-f8c869a29a27	GET	/css/style.css	undefined
20250517	20:39:41	13f6723d-95e9-4349-a4ef-8b231cb99092	GET	/images/4.jpg	undefined
20250517	20:41:10	675390fc-d157-45c2-8679-b3ac8555c4b7	GET	/	undefined
20250517	20:41:10	181e2fae-92d7-49d5-8b0b-7a59688c3853	GET	/css/style.css	undefined
20250517	20:41:11	99dc3b5f-eb64-4a3b-9611-d3f2dc0449ff	GET	/images/5.webp	undefined
20250517	20:43:20	56f8d4b4-eaa4-462b-8f9b-31a62dccfde3	GET	/	undefined
20250517	20:43:20	a7de82cc-ddf9-4243-8680-b100e4498f38	GET	/css/style.css	undefined
20250517	20:43:20	305f820d-1032-4131-a58f-2cf079842462	GET	/images/5.webp	undefined
20250517	20:43:44	3401a96f-beee-4ec0-8974-ad4c4d14d629	GET	/	undefined
20250517	20:43:44	03ab4156-5dc9-4496-9a00-54e3d31d251f	GET	/css/style.css	undefined
20250517	20:43:45	c2cb1478-3bb8-4e14-9001-9e2a2042febc	GET	/images/5.webp	undefined
20250517	20:44:02	350aa4d5-4fcc-4bfe-9b0a-870b9adbae12	GET	/	undefined
20250517	20:44:02	2caeb4b7-a9df-4060-8208-569dc0ccc1d2	GET	/css/style.css	undefined
20250517	20:44:02	8ee8de74-75e0-4fde-8a76-fcbfe3a4d06a	GET	/images/5.webp	undefined
20250517	20:48:39	c22d8228-5c1e-4ff4-a402-a2ed6db9394a	GET	/	undefined
20250517	20:48:39	d3a33317-c455-4ea5-afb3-a3a4864d88a8	GET	/css/style.css	undefined
20250517	20:48:40	581730d4-66c5-44fd-b4d0-dc234074671e	GET	/images/5.webp	undefined
20250517	21:44:21	9c4270be-d48c-4d38-899f-ad6d6c8d740a	GET	/	undefined
20250517	21:44:21	195b9278-008e-4028-8b6a-b5591d770431	GET	/css/style.css	undefined
20250517	21:44:21	3399cf45-cfaa-446a-bcd9-d9a97aa1cc43	GET	/images/5.webp	undefined
20250517	21:45:21	918cc62a-83c6-47d7-8c05-fe12a1df1ad7	GET	/servicios	http://localhost:3000
20250517	21:45:21	4e4a96ee-fde8-4768-ab18-c35fe977a80b	GET	/servicios	http://localhost:3000
20250601	11:06:18	b8c98c3a-5f31-4168-a544-00e03f37958b	GET	/servicios	undefined
20250601	11:31:14	13264057-a906-4e95-b728-1c1d38502090	OPTIONS	/auth/login	http://localhost:3000
20250601	11:31:14	cdac022c-2d7a-459a-954f-dd0882de1bb0	POST	/auth/login	http://localhost:3000
20250601	11:31:41	f337034f-ffbb-4186-8bde-c939d1a38cc9	OPTIONS	/usuarios	http://localhost:3000
20250601	11:31:41	f9f7c77e-c4c4-49ee-9e1b-a3f118559102	POST	/usuarios	http://localhost:3000
20250601	11:31:44	e13a3433-d5ed-4c8c-b3b3-d3e88050a401	POST	/usuarios	http://localhost:3000
20250601	11:32:13	c4b3f345-0708-4546-b447-feaae1bfe584	OPTIONS	/auth/login	http://localhost:3000
20250601	11:32:13	f1012cac-ec3c-4660-8541-4330b905998f	POST	/auth/login	http://localhost:3000
20250601	11:32:14	7ee6988a-dbea-4620-8d1e-3875e666e059	OPTIONS	/servicios	http://localhost:3000
20250601	11:32:14	3dc6aa94-b68e-437d-8896-284d1cd99b7b	OPTIONS	/servicios	http://localhost:3000
20250601	11:32:14	061f9988-0951-4020-931e-ae3a10e8f0b5	GET	/servicios	http://localhost:3000
20250601	11:32:14	43a5e76d-6de0-4057-9c51-8c075fb58920	GET	/servicios	http://localhost:3000
20250601	11:32:14	a749d1e6-aeef-41e6-9629-595a21a9b9fc	OPTIONS	/estilistas	http://localhost:3000
20250601	11:32:14	e2ea1dda-41be-4004-873a-713a9037d506	GET	/estilistas	http://localhost:3000
20250601	11:32:15	028e1b1f-22ba-4eaf-a022-9aa5d50f30b4	GET	/estilistas	http://localhost:3000
20250605	21:07:04	23f6b030-3c1b-47d7-9267-792fa28c8f4f	OPTIONS	/usuarios	http://localhost:3000
20250605	21:07:04	4a7e541f-c5ef-4dba-81f7-c36d7b7c55e6	POST	/usuarios	http://localhost:3000
20250605	21:07:07	5985ed71-b349-4611-8d16-d68cd36478ce	POST	/usuarios	http://localhost:3000
20250605	21:07:41	91b5caab-afdf-49ea-83f3-596b126793ca	OPTIONS	/usuarios	http://localhost:3000
20250605	21:07:41	a399a49c-5ef5-4d20-8e81-a4620372bfa1	POST	/usuarios	http://localhost:3000
20250605	21:07:44	a7812e67-b515-45c3-95de-8804f57d98a2	POST	/usuarios	http://localhost:3000
20250605	21:07:45	42ade40f-6eac-4fc0-ae8c-244197862ff4	POST	/usuarios	http://localhost:3000
20250605	21:07:59	d491bf0e-1c5a-46bc-9202-26f378102271	OPTIONS	/usuarios	http://localhost:3000
20250605	21:07:59	902e9641-d935-4b8e-95aa-441a683c73b8	POST	/usuarios	http://localhost:3000
20250605	21:55:12	2b885b6d-84ad-4968-a326-baab31e3713b	OPTIONS	/usuarios	http://localhost:3000
20250605	21:55:12	dd7c66da-dbf6-464f-8de0-5739e4b7437b	POST	/usuarios	http://localhost:3000
20250605	21:55:55	11e8187a-c14f-4270-bcdc-916934a6fff8	OPTIONS	/usuarios	http://localhost:3000
20250605	21:55:55	590bae5c-ac0c-4f65-abc3-51418915fe7f	POST	/usuarios	http://localhost:3000
20250605	21:58:52	d5bf81eb-1174-47f1-ace9-d29e05a94979	OPTIONS	/usuarios	http://localhost:3000
20250605	21:58:52	4f8cc650-ea77-49b3-beb5-b63df024764e	POST	/usuarios	http://localhost:3000
20250605	21:59:09	684810ed-c2f0-411a-92ac-594ce901cf44	OPTIONS	/usuarios	http://localhost:3000
20250605	21:59:09	db03d829-e3da-439f-ac5a-79252a5f4f61	POST	/usuarios	http://localhost:3000
20250605	22:02:17	8d75e78f-69f4-48dd-a6dd-9ed55cc33660	POST	/usuarios	undefined
20250605	22:02:43	69c63660-aeec-4877-8056-9696b15dae10	POST	/usuarios	undefined
20250605	22:04:10	8e9f88b0-9121-42fd-9bc5-3884f4b63c66	POST	/usuarios	undefined
20250605	22:42:28	6c4f1566-45e1-4db2-a41a-d0421fb06735	OPTIONS	/usuarios	http://localhost:3000
20250605	22:42:28	ca98fdf8-6a07-4c65-b1b8-fc824a79bd46	POST	/usuarios	http://localhost:3000
20250605	22:52:12	52932b00-55d9-4701-9c8a-a4c5c41ab202	OPTIONS	/usuarios	http://localhost:3000
20250605	22:52:12	aed26053-7900-43db-babc-96644ab3ce26	POST	/usuarios	http://localhost:3000
